Could not get collection for 'Arts & Sciences VII Collection' column 12 for Public Health Reports (1974-)
Could not get collection for 'Arts & Sciences IV' column 38 for Archives of Asian Art
Could not get collection for 'Public Library I' column 38 for Archives of Asian Art
Could not get collection for 'Arts & Sciences III' column 40 for Ethnomusicology Forum
Could not get collection for 'Music' column 40 for Ethnomusicology Forum
Could not get collection for 'Corporate & For-Profit Collection' column 40 for Ethnomusicology Forum
Could not get collection for 'Arts & Sciences II' column 42 for Sociological Theory
Could not get collection for 'Public Library I' column 42 for Sociological Theory
Could not get collection for 'Corporate and For-Profit Collection' column 42 for Sociological Theory
Could not get collection for 'Arts & Sciences VII Collection' column 43 for Slavonic and East European Review
Could not get collection for 'Biological Sciences' column 50 for Journal of Coastal Research
Could not get collection for 'Life Sciences' column 50 for Journal of Coastal Research
Could not get collection for 'Corporate and For Profit' column 50 for Journal of Coastal Research

bristol pamphlets and its contract details didn't hook up with a contract details for some reason, need to do by hand.
