   2  CC1 Looked for Cmpts by jrnlid '10.2307/j100653' and failed
   1  CC1 Looked for Cmpts by jrnlid '10.2307/j100940' and failed
   1  CC1 Looked for Cmpts by jrnlid '10.2307/j100943' and failed
   1  CC1 Looked for Cmpts by jrnlid '10.2307/j100968' and failed
   1  CC1 Looked for Cmpts by jrnlid '10.2307/j100912' and failed
   1  CC1 Looked for Cmpts by jrnlid '10.2307/j100652' and failed
   1  CC1 Looked for Cmpts by jrnlid '10.2307/j101044' and failed
   1  CC1 Looked for Cmpts by jrnlid '10.2307/j100653' and failed
   1  CC1 Looked for Cmpts by jrnlid '10.2307/j100741' and failed
   1  CC1 Looked for Cmpts by jrnlid '10.2307/j100910' and failed
   1  CC1 Looked for Cmpts by jrnlid '10.2307/j100919' and failed
   1  CC1 Looked for Cmpts by jrnlid '10.2307/j100312' and failed
   1  CC1 Looked for Cmpts by jrnlid '10.2307/j100910' and failed
   1  CC1 Looked for Cmpts by jrnlid '10.2307/j100911' and failed
   1  CC1 Looked for Cmpts by jrnlid '10.2307/j100840' and failed
   1  CC1 Looked for Cmpts by jrnlid '10.2307/j100919' and failed
   1  CC1 Looked for Cmpts by jrnlid '10.2307/j100832' and failed
   1  CC1 Looked for Cmpts by jrnlid '10.2307/j100943' and failed
   1  CC1 Looked for Cmpts by jrnlid '10.2307/j100942' and failed
   1  CC1 Looked for Cmpts by jrnlid '10.2307/j100945' and failed
   1  CC1 Looked for Cmpts by jrnlid '10.2307/j101206' and failed
   1  CC1 Looked for Cmpts by jrnlid '10.2307/j101229' and failed
   1  CC1 Looked for Cmpts by jrnlid '10.2307/j101416' and failed
   1  CC1 Looked for Cmpts by jrnlid '10.2307/j101451' and failed
   1  CC1 Looked for Cmpts by jrnlid '10.2307/j101450' and failed
   1  CC1 Looked for Cmpts by jrnlid '10.2307/j101449' and failed
   1  CC1 Looked for Cmpts by jrnlid '10.2307/j101451' and failed
   1  CC1 Looked for Cmpts by jrnlid '10.2307/j101450' and failed
   1  CC1 Looked for Cmpts by jrnlid '10.2307/j50000493' and failed
   1  CC1 Looked for Cmpts by jrnlid '10.2307/j50000348' and failed
   1  CC1 Looked for Cmpts by jrnlid '10.2307/j50000404' and failed
   2  CC1 Looked for Cmpts by jrnlid '10.2307/j50000732' and failed
   1  CC1 Looked for Cmpts by jrnlid '10.2307/j50000714' and failed
