22573/cts165r5	uniq_jtrack_record_id:187/uniq_jtrack_record_id
22573/cts1667v	uniq_jtrack_record_id:191/uniq_jtrack_record_id
22573/cts166s1	uniq_jtrack_record_id:192/uniq_jtrack_record_id
22573/cts169wm	uniq_jtrack_record_id:197/uniq_jtrack_record_id
22573/cts16fjs	uniq_jtrack_record_id:202/uniq_jtrack_record_id
22573/cts16gp0	uniq_jtrack_record_id:204/uniq_jtrack_record_id
22573/cts16hvn	uniq_jtrack_record_id:207/uniq_jtrack_record_id
22573/cts16n3f	uniq_jtrack_record_id:215/uniq_jtrack_record_id
22573/cts16nfx	uniq_jtrack_record_id:216/uniq_jtrack_record_id
22573/cts16p49	uniq_jtrack_record_id:217/uniq_jtrack_record_id
22573/cts16rgm	uniq_jtrack_record_id:221/uniq_jtrack_record_id
22573/cts16rvj	uniq_jtrack_record_id:222/uniq_jtrack_record_id
22573/cts16t22	uniq_jtrack_record_id:226/uniq_jtrack_record_id
22573/cts16tx8	uniq_jtrack_record_id:228/uniq_jtrack_record_id
22573/cts138nx	uniq_jtrack_record_id:2/uniq_jtrack_record_id
22573/cts1392q	uniq_jtrack_record_id:3/uniq_jtrack_record_id
22573/cts139ps	uniq_jtrack_record_id:4/uniq_jtrack_record_id
22573/cts13b5g	uniq_jtrack_record_id:5/uniq_jtrack_record_id
22573/cts13c7s	uniq_jtrack_record_id:8/uniq_jtrack_record_id
22573/cts13d6r	uniq_jtrack_record_id:10/uniq_jtrack_record_id
22573/cts13fbz	uniq_jtrack_record_id:13/uniq_jtrack_record_id
22573/cts13fqw	uniq_jtrack_record_id:14/uniq_jtrack_record_id
22573/cts13jpp	uniq_jtrack_record_id:19/uniq_jtrack_record_id
22573/cts13n0z	uniq_jtrack_record_id:23/uniq_jtrack_record_id
22573/cts13nkk	uniq_jtrack_record_id:24/uniq_jtrack_record_id
22573/cts13pf6	uniq_jtrack_record_id:26/uniq_jtrack_record_id
22573/cts13s86	uniq_jtrack_record_id:32/uniq_jtrack_record_id
22573/cts13smp	uniq_jtrack_record_id:33/uniq_jtrack_record_id
22573/cts13tkn	uniq_jtrack_record_id:35/uniq_jtrack_record_id
22573/cts13v1w	uniq_jtrack_record_id:36/uniq_jtrack_record_id
22573/cts13wj1	uniq_jtrack_record_id:40/uniq_jtrack_record_id
22573/cts13xdn	uniq_jtrack_record_id:42/uniq_jtrack_record_id
22573/cts141v3	uniq_jtrack_record_id:48/uniq_jtrack_record_id
22573/cts1432m	uniq_jtrack_record_id:51/uniq_jtrack_record_id
22573/cts143z8	uniq_jtrack_record_id:52/uniq_jtrack_record_id
22573/cts146wm	uniq_jtrack_record_id:59/uniq_jtrack_record_id
22573/cts148cq	uniq_jtrack_record_id:62/uniq_jtrack_record_id
22573/cts148q6	uniq_jtrack_record_id:63/uniq_jtrack_record_id
22573/cts14b2h	uniq_jtrack_record_id:66/uniq_jtrack_record_id
22573/cts14c01	uniq_jtrack_record_id:68/uniq_jtrack_record_id
22573/cts14fv2	uniq_jtrack_record_id:75/uniq_jtrack_record_id
22573/cts14jqh	uniq_jtrack_record_id:82/uniq_jtrack_record_id
22573/cts14k83	uniq_jtrack_record_id:83/uniq_jtrack_record_id
22573/cts14n7g	uniq_jtrack_record_id:87/uniq_jtrack_record_id
22573/cts14pfk	uniq_jtrack_record_id:90/uniq_jtrack_record_id
22573/cts14prm	uniq_jtrack_record_id:91/uniq_jtrack_record_id
22573/cts14wkv	uniq_jtrack_record_id:102/uniq_jtrack_record_id
22573/cts14xz6	uniq_jtrack_record_id:105/uniq_jtrack_record_id
22573/cts14zgb	uniq_jtrack_record_id:106/uniq_jtrack_record_id
22573/cts1515h	uniq_jtrack_record_id:109/uniq_jtrack_record_id
22573/cts151p7	uniq_jtrack_record_id:111/uniq_jtrack_record_id
22573/cts152cm	uniq_jtrack_record_id:113/uniq_jtrack_record_id
22573/cts152pn	uniq_jtrack_record_id:114/uniq_jtrack_record_id
22573/cts1534w	uniq_jtrack_record_id:115/uniq_jtrack_record_id
22573/cts155m0	uniq_jtrack_record_id:119/uniq_jtrack_record_id
22573/cts158sg	uniq_jtrack_record_id:125/uniq_jtrack_record_id
22573/cts1595t	uniq_jtrack_record_id:126/uniq_jtrack_record_id
22573/cts159k6	uniq_jtrack_record_id:127/uniq_jtrack_record_id
22573/cts15ck1	uniq_jtrack_record_id:130/uniq_jtrack_record_id
22573/cts15g5w	uniq_jtrack_record_id:134/uniq_jtrack_record_id
22573/cts15gjt	uniq_jtrack_record_id:135/uniq_jtrack_record_id
22573/cts15h4v	uniq_jtrack_record_id:136/uniq_jtrack_record_id
22573/cts15jk3	uniq_jtrack_record_id:141/uniq_jtrack_record_id
22573/cts15jz1	uniq_jtrack_record_id:142/uniq_jtrack_record_id
22573/cts15kq9	uniq_jtrack_record_id:144/uniq_jtrack_record_id
22573/cts15mr5	uniq_jtrack_record_id:148/uniq_jtrack_record_id
22573/cts15n89	uniq_jtrack_record_id:150/uniq_jtrack_record_id
22573/cts15nxt	uniq_jtrack_record_id:151/uniq_jtrack_record_id
22573/cts15pdh	uniq_jtrack_record_id:153/uniq_jtrack_record_id
22573/cts15vbp	uniq_jtrack_record_id:161/uniq_jtrack_record_id
22573/cts15wsx	uniq_jtrack_record_id:165/uniq_jtrack_record_id
22573/cts16113	uniq_jtrack_record_id:173/uniq_jtrack_record_id
22573/cts161w9	uniq_jtrack_record_id:175/uniq_jtrack_record_id
22573/cts163n0	uniq_jtrack_record_id:180/uniq_jtrack_record_id
22573/cts164d8	uniq_jtrack_record_id:183/uniq_jtrack_record_id
22573/cts19z2v	uniq_jtrack_record_id:427/uniq_jtrack_record_id
22573/cts19zx2	uniq_jtrack_record_id:428/uniq_jtrack_record_id
22573/cts1b1vc	uniq_jtrack_record_id:431/uniq_jtrack_record_id
22573/cts1b2q0	uniq_jtrack_record_id:433/uniq_jtrack_record_id
22573/cts1b3nh	uniq_jtrack_record_id:434/uniq_jtrack_record_id
22573/cts1b4h4	uniq_jtrack_record_id:435/uniq_jtrack_record_id
22573/cts1b5g3	uniq_jtrack_record_id:438/uniq_jtrack_record_id
22573/cts1b5tk	uniq_jtrack_record_id:439/uniq_jtrack_record_id
22573/cts1b7n5	uniq_jtrack_record_id:442/uniq_jtrack_record_id
22573/cts1b8gb	uniq_jtrack_record_id:444/uniq_jtrack_record_id
22573/cts1b9f9	uniq_jtrack_record_id:446/uniq_jtrack_record_id
22573/cts1b9z1	uniq_jtrack_record_id:447/uniq_jtrack_record_id
22573/cts1bgt9	uniq_jtrack_record_id:460/uniq_jtrack_record_id
22573/cts1bh56	uniq_jtrack_record_id:461/uniq_jtrack_record_id
22573/cts1bjsp	uniq_jtrack_record_id:463/uniq_jtrack_record_id
22573/cts1bk51	uniq_jtrack_record_id:464/uniq_jtrack_record_id
22573/cts1bkhh	uniq_jtrack_record_id:465/uniq_jtrack_record_id
22573/cts1bmbp	uniq_jtrack_record_id:467/uniq_jtrack_record_id
22573/cts1bn4d	uniq_jtrack_record_id:468/uniq_jtrack_record_id
22573/cts1bprw	uniq_jtrack_record_id:473/uniq_jtrack_record_id
22573/cts1bqsr	uniq_jtrack_record_id:477/uniq_jtrack_record_id
22573/cts1br4n	uniq_jtrack_record_id:478/uniq_jtrack_record_id
22573/cts1brq8	uniq_jtrack_record_id:479/uniq_jtrack_record_id
22573/cts1btjv	uniq_jtrack_record_id:484/uniq_jtrack_record_id
22573/cts1bww5	uniq_jtrack_record_id:496/uniq_jtrack_record_id
22573/cts1c1xn	uniq_jtrack_record_id:506/uniq_jtrack_record_id
22573/cts1c2x2	uniq_jtrack_record_id:511/uniq_jtrack_record_id
22573/cts1c3h3	uniq_jtrack_record_id:512/uniq_jtrack_record_id
22573/cts1c62h	uniq_jtrack_record_id:519/uniq_jtrack_record_id
22573/cts1c6rg	uniq_jtrack_record_id:520/uniq_jtrack_record_id
22573/cts1c9g4	uniq_jtrack_record_id:528/uniq_jtrack_record_id
22573/cts1cb99	uniq_jtrack_record_id:530/uniq_jtrack_record_id
22573/cts1cd1j	uniq_jtrack_record_id:533/uniq_jtrack_record_id
22573/cts1ch9c	uniq_jtrack_record_id:543/uniq_jtrack_record_id
22573/cts1cj0r	uniq_jtrack_record_id:545/uniq_jtrack_record_id
22573/cts1crsj	uniq_jtrack_record_id:566/uniq_jtrack_record_id
22573/cts1cvh6	uniq_jtrack_record_id:570/uniq_jtrack_record_id
22573/cts1cw9x	uniq_jtrack_record_id:571/uniq_jtrack_record_id
22573/cts1cwpv	uniq_jtrack_record_id:572/uniq_jtrack_record_id
22573/cts1d083	uniq_jtrack_record_id:578/uniq_jtrack_record_id
22573/cts1d0t8	uniq_jtrack_record_id:581/uniq_jtrack_record_id
22573/cts1d14q	uniq_jtrack_record_id:582/uniq_jtrack_record_id
22573/cts1d2r6	uniq_jtrack_record_id:590/uniq_jtrack_record_id
22573/cts1d39s	uniq_jtrack_record_id:591/uniq_jtrack_record_id
22573/cts1d3n8	uniq_jtrack_record_id:592/uniq_jtrack_record_id
22573/cts1d4sg	uniq_jtrack_record_id:594/uniq_jtrack_record_id
22573/cts1d5fd	uniq_jtrack_record_id:595/uniq_jtrack_record_id
22573/cts1d924	uniq_jtrack_record_id:605/uniq_jtrack_record_id
22573/cts1db7s	uniq_jtrack_record_id:606/uniq_jtrack_record_id
22573/cts1dbpm	uniq_jtrack_record_id:608/uniq_jtrack_record_id
22573/cts1dfkh	uniq_jtrack_record_id:625/uniq_jtrack_record_id
22573/cts1dg1r	uniq_jtrack_record_id:627/uniq_jtrack_record_id
22573/cts1dgmc	uniq_jtrack_record_id:629/uniq_jtrack_record_id
22573/cts1dh15	uniq_jtrack_record_id:630/uniq_jtrack_record_id
22573/cts1dmng	uniq_jtrack_record_id:635/uniq_jtrack_record_id
22573/cts1dqx9	uniq_jtrack_record_id:648/uniq_jtrack_record_id
22573/cts1fmbt	uniq_jtrack_record_id:738/uniq_jtrack_record_id
22573/cts1fn7w	uniq_jtrack_record_id:741/uniq_jtrack_record_id
22573/cts1fptx	uniq_jtrack_record_id:745/uniq_jtrack_record_id
22573/cts1fq85	uniq_jtrack_record_id:747/uniq_jtrack_record_id
22573/cts1frhq	uniq_jtrack_record_id:749/uniq_jtrack_record_id
22573/cts1fs0d	uniq_jtrack_record_id:750/uniq_jtrack_record_id
22573/cts1fsjk	uniq_jtrack_record_id:753/uniq_jtrack_record_id
22573/cts1ftb9	uniq_jtrack_record_id:757/uniq_jtrack_record_id
22573/cts1fv8t	uniq_jtrack_record_id:761/uniq_jtrack_record_id
22573/cts1g1d2	uniq_jtrack_record_id:789/uniq_jtrack_record_id
22573/cts1g4x1	uniq_jtrack_record_id:800/uniq_jtrack_record_id
22573/cts1g6kc	uniq_jtrack_record_id:805/uniq_jtrack_record_id
22573/cts1g6wd	uniq_jtrack_record_id:806/uniq_jtrack_record_id
22573/cts1g8k6	uniq_jtrack_record_id:811/uniq_jtrack_record_id
22573/cts1gbxh	uniq_jtrack_record_id:817/uniq_jtrack_record_id
22573/cts1gdc5	uniq_jtrack_record_id:820/uniq_jtrack_record_id
22573/cts1gdqn	uniq_jtrack_record_id:821/uniq_jtrack_record_id
22573/cts1gh1x	uniq_jtrack_record_id:825/uniq_jtrack_record_id
22573/cts1ghh6	uniq_jtrack_record_id:826/uniq_jtrack_record_id
22573/cts1gk9b	uniq_jtrack_record_id:833/uniq_jtrack_record_id
22573/cts1drgw	uniq_jtrack_record_id:649/uniq_jtrack_record_id
22573/cts1drvt	uniq_jtrack_record_id:650/uniq_jtrack_record_id
22573/cts1dt81	uniq_jtrack_record_id:654/uniq_jtrack_record_id
22573/cts1dvv2	uniq_jtrack_record_id:656/uniq_jtrack_record_id
22573/cts1dz94	uniq_jtrack_record_id:663/uniq_jtrack_record_id
22573/cts1f04p	uniq_jtrack_record_id:665/uniq_jtrack_record_id
22573/cts1f0hm	uniq_jtrack_record_id:668/uniq_jtrack_record_id
22573/cts1f1t2	uniq_jtrack_record_id:674/uniq_jtrack_record_id
22573/cts1f29r	uniq_jtrack_record_id:675/uniq_jtrack_record_id
22573/cts1f573	uniq_jtrack_record_id:684/uniq_jtrack_record_id
22573/cts1f6xg	uniq_jtrack_record_id:691/uniq_jtrack_record_id
22573/cts1f7hh	uniq_jtrack_record_id:692/uniq_jtrack_record_id
22573/cts1f83j	uniq_jtrack_record_id:693/uniq_jtrack_record_id
22573/cts1f9pk	uniq_jtrack_record_id:699/uniq_jtrack_record_id
22573/cts1fcxj	uniq_jtrack_record_id:712/uniq_jtrack_record_id
22573/cts1fdhk	uniq_jtrack_record_id:714/uniq_jtrack_record_id
22573/cts1ffzt	uniq_jtrack_record_id:720/uniq_jtrack_record_id
22573/cts1fgn6	uniq_jtrack_record_id:726/uniq_jtrack_record_id
22573/cts1fh03	uniq_jtrack_record_id:727/uniq_jtrack_record_id
22573/cts1fhbk	uniq_jtrack_record_id:728/uniq_jtrack_record_id
22573/cts1fk9z	uniq_jtrack_record_id:736/uniq_jtrack_record_id
22573/cts1fknf	uniq_jtrack_record_id:737/uniq_jtrack_record_id
22573/cts16zhj	uniq_jtrack_record_id:233/uniq_jtrack_record_id
22573/cts174sk	uniq_jtrack_record_id:244/uniq_jtrack_record_id
22573/cts177jp	uniq_jtrack_record_id:250/uniq_jtrack_record_id
22573/cts178zg	uniq_jtrack_record_id:252/uniq_jtrack_record_id
22573/cts179c8	uniq_jtrack_record_id:254/uniq_jtrack_record_id
22573/cts17bb7	uniq_jtrack_record_id:256/uniq_jtrack_record_id
22573/cts17bq5	uniq_jtrack_record_id:258/uniq_jtrack_record_id
22573/cts17cx8	uniq_jtrack_record_id:261/uniq_jtrack_record_id
22573/cts17db2	uniq_jtrack_record_id:263/uniq_jtrack_record_id
22573/cts17g7j	uniq_jtrack_record_id:267/uniq_jtrack_record_id
22573/cts17h18	uniq_jtrack_record_id:268/uniq_jtrack_record_id
22573/cts17mtt	uniq_jtrack_record_id:273/uniq_jtrack_record_id
22573/cts17rq4	uniq_jtrack_record_id:280/uniq_jtrack_record_id
22573/cts17v56	uniq_jtrack_record_id:285/uniq_jtrack_record_id
22573/cts17vng	uniq_jtrack_record_id:286/uniq_jtrack_record_id
22573/cts17w8z	uniq_jtrack_record_id:287/uniq_jtrack_record_id
22573/cts181cb	uniq_jtrack_record_id:295/uniq_jtrack_record_id
22573/cts1838t	uniq_jtrack_record_id:300/uniq_jtrack_record_id
22573/cts1869h	uniq_jtrack_record_id:312/uniq_jtrack_record_id
22573/cts186t7	uniq_jtrack_record_id:313/uniq_jtrack_record_id
22573/cts187pv	uniq_jtrack_record_id:314/uniq_jtrack_record_id
22573/cts1883n	uniq_jtrack_record_id:315/uniq_jtrack_record_id
22573/cts18hr2	uniq_jtrack_record_id:326/uniq_jtrack_record_id
22573/cts18jz5	uniq_jtrack_record_id:330/uniq_jtrack_record_id
22573/cts18m3s	uniq_jtrack_record_id:332/uniq_jtrack_record_id
22573/cts18n19	uniq_jtrack_record_id:335/uniq_jtrack_record_id
22573/cts18qgz	uniq_jtrack_record_id:342/uniq_jtrack_record_id
22573/cts18r1j	uniq_jtrack_record_id:344/uniq_jtrack_record_id
22573/cts18rx6	uniq_jtrack_record_id:346/uniq_jtrack_record_id
22573/cts18s9j	uniq_jtrack_record_id:347/uniq_jtrack_record_id
22573/cts18td9	uniq_jtrack_record_id:350/uniq_jtrack_record_id
22573/cts18trs	uniq_jtrack_record_id:351/uniq_jtrack_record_id
22573/cts18vh2	uniq_jtrack_record_id:354/uniq_jtrack_record_id
22573/cts18w6f	uniq_jtrack_record_id:356/uniq_jtrack_record_id
22573/cts18z0k	uniq_jtrack_record_id:359/uniq_jtrack_record_id
22573/cts18zb2	uniq_jtrack_record_id:360/uniq_jtrack_record_id
22573/cts190gn	uniq_jtrack_record_id:364/uniq_jtrack_record_id
22573/cts1914k	uniq_jtrack_record_id:366/uniq_jtrack_record_id
22573/cts1939n	uniq_jtrack_record_id:372/uniq_jtrack_record_id
22573/cts194j6	uniq_jtrack_record_id:373/uniq_jtrack_record_id
22573/cts195gq	uniq_jtrack_record_id:374/uniq_jtrack_record_id
22573/cts1962r	uniq_jtrack_record_id:375/uniq_jtrack_record_id
22573/cts196fp	uniq_jtrack_record_id:376/uniq_jtrack_record_id
22573/cts198n6	uniq_jtrack_record_id:379/uniq_jtrack_record_id
22573/cts19gm7	uniq_jtrack_record_id:393/uniq_jtrack_record_id
22573/cts19jpz	uniq_jtrack_record_id:395/uniq_jtrack_record_id
22573/cts19nnr	uniq_jtrack_record_id:402/uniq_jtrack_record_id
22573/cts19rjn	uniq_jtrack_record_id:414/uniq_jtrack_record_id
22573/cts19rxk	uniq_jtrack_record_id:415/uniq_jtrack_record_id
22573/cts19s8g	uniq_jtrack_record_id:416/uniq_jtrack_record_id
22573/cts19szf	uniq_jtrack_record_id:418/uniq_jtrack_record_id
22573/cts19tr5	uniq_jtrack_record_id:419/uniq_jtrack_record_id
22573/cts19w04	uniq_jtrack_record_id:421/uniq_jtrack_record_id
22573/cts19wgd	uniq_jtrack_record_id:422/uniq_jtrack_record_id
22573/cts1gr62	uniq_jtrack_record_id:851/uniq_jtrack_record_id
22573/cts1grw1	uniq_jtrack_record_id:855/uniq_jtrack_record_id
22573/cts1gsmv	uniq_jtrack_record_id:856/uniq_jtrack_record_id
22573/cts1gt23	uniq_jtrack_record_id:858/uniq_jtrack_record_id
22573/cts1gvpk	uniq_jtrack_record_id:862/uniq_jtrack_record_id
22573/cts1gx7k	uniq_jtrack_record_id:866/uniq_jtrack_record_id
22573/cts1gxmh	uniq_jtrack_record_id:867/uniq_jtrack_record_id
22573/cts1gzbb	uniq_jtrack_record_id:868/uniq_jtrack_record_id
22573/cts1h102	uniq_jtrack_record_id:876/uniq_jtrack_record_id
22573/cts1h248	uniq_jtrack_record_id:879/uniq_jtrack_record_id
22573/cts1h3bc	uniq_jtrack_record_id:881/uniq_jtrack_record_id
22573/cts1h5b6	uniq_jtrack_record_id:885/uniq_jtrack_record_id
22573/cts1h9w1	uniq_jtrack_record_id:902/uniq_jtrack_record_id
22573/cts1hczr	uniq_jtrack_record_id:913/uniq_jtrack_record_id
22573/cts1hd86	uniq_jtrack_record_id:914/uniq_jtrack_record_id
22573/cts1hfrw	uniq_jtrack_record_id:921/uniq_jtrack_record_id
22573/cts1hg5p	uniq_jtrack_record_id:922/uniq_jtrack_record_id
22573/cts1hgxj	uniq_jtrack_record_id:924/uniq_jtrack_record_id
22573/cts1hj3m	uniq_jtrack_record_id:928/uniq_jtrack_record_id
22573/cts1hjmb	uniq_jtrack_record_id:929/uniq_jtrack_record_id
22573/cts1hkz7	uniq_jtrack_record_id:933/uniq_jtrack_record_id
22573/cts1mhbg	uniq_jtrack_record_id:1207/uniq_jtrack_record_id
22573/cts1mjqt	uniq_jtrack_record_id:1212/uniq_jtrack_record_id
22573/cts1mn87	uniq_jtrack_record_id:1216/uniq_jtrack_record_id
22573/cts1mprx	uniq_jtrack_record_id:1224/uniq_jtrack_record_id
22573/cts1mrfq	uniq_jtrack_record_id:1228/uniq_jtrack_record_id
22573/cts1msmc	uniq_jtrack_record_id:1230/uniq_jtrack_record_id
22573/cts1mwrd	uniq_jtrack_record_id:1241/uniq_jtrack_record_id
22573/cts1n079	uniq_jtrack_record_id:1250/uniq_jtrack_record_id
22573/cts1n15t	uniq_jtrack_record_id:1251/uniq_jtrack_record_id
22573/cts1n2rv	uniq_jtrack_record_id:1258/uniq_jtrack_record_id
22573/cts1n3xh	uniq_jtrack_record_id:1263/uniq_jtrack_record_id
22573/cts1n4d6	uniq_jtrack_record_id:1264/uniq_jtrack_record_id
22573/cts1n507	uniq_jtrack_record_id:1265/uniq_jtrack_record_id
22573/cts1n64f	uniq_jtrack_record_id:1267/uniq_jtrack_record_id
22573/cts1n8jn	uniq_jtrack_record_id:1272/uniq_jtrack_record_id
22573/cts1n9x0	uniq_jtrack_record_id:1275/uniq_jtrack_record_id
22573/cts1nc5z	uniq_jtrack_record_id:1280/uniq_jtrack_record_id
22573/cts1ndvb	uniq_jtrack_record_id:1282/uniq_jtrack_record_id
22573/cts1nh62	uniq_jtrack_record_id:1286/uniq_jtrack_record_id
22573/cts1q7j0	uniq_jtrack_record_id:1477/uniq_jtrack_record_id
22573/cts1qbtt	uniq_jtrack_record_id:1489/uniq_jtrack_record_id
22573/cts1qgz8	uniq_jtrack_record_id:1507/uniq_jtrack_record_id
22573/cts1qmbv	uniq_jtrack_record_id:1516/uniq_jtrack_record_id
22573/cts1qmpb	uniq_jtrack_record_id:1517/uniq_jtrack_record_id
22573/cts1qn8c	uniq_jtrack_record_id:1519/uniq_jtrack_record_id
22573/cts1qnv0	uniq_jtrack_record_id:1521/uniq_jtrack_record_id
22573/cts1qpwv	uniq_jtrack_record_id:1527/uniq_jtrack_record_id
22573/cts1qqjs	uniq_jtrack_record_id:1528/uniq_jtrack_record_id
22573/cts1qqvt	uniq_jtrack_record_id:1529/uniq_jtrack_record_id
22573/cts1qrj6	uniq_jtrack_record_id:1530/uniq_jtrack_record_id
22573/cts1qs7k	uniq_jtrack_record_id:1531/uniq_jtrack_record_id
22573/cts1qsk2	uniq_jtrack_record_id:1532/uniq_jtrack_record_id
22573/cts1qtpt	uniq_jtrack_record_id:1534/uniq_jtrack_record_id
22573/cts1qv6z	uniq_jtrack_record_id:1535/uniq_jtrack_record_id
22573/cts1qvqp	uniq_jtrack_record_id:1536/uniq_jtrack_record_id
22573/cts1qwtf	uniq_jtrack_record_id:1540/uniq_jtrack_record_id
22573/cts1qz9j	uniq_jtrack_record_id:1545/uniq_jtrack_record_id
22573/cts1qzmk	uniq_jtrack_record_id:1546/uniq_jtrack_record_id
22573/cts1qzz2	uniq_jtrack_record_id:1547/uniq_jtrack_record_id
22573/cts1r0t2	uniq_jtrack_record_id:1549/uniq_jtrack_record_id
22573/cts1tsgv	uniq_jtrack_record_id:1812/uniq_jtrack_record_id
22573/cts1nj2p	uniq_jtrack_record_id:1288/uniq_jtrack_record_id
22573/cts1nm0m	uniq_jtrack_record_id:1291/uniq_jtrack_record_id
22573/cts1np64	uniq_jtrack_record_id:1298/uniq_jtrack_record_id
22573/cts1npk2	uniq_jtrack_record_id:1299/uniq_jtrack_record_id
22573/cts1nqs5	uniq_jtrack_record_id:1302/uniq_jtrack_record_id
22573/cts1nrdn	uniq_jtrack_record_id:1305/uniq_jtrack_record_id
22573/cts1nsq3	uniq_jtrack_record_id:1310/uniq_jtrack_record_id
22573/cts1nv2d	uniq_jtrack_record_id:1315/uniq_jtrack_record_id
22573/cts1p0mm	uniq_jtrack_record_id:1332/uniq_jtrack_record_id
22573/cts1p10z	uniq_jtrack_record_id:1333/uniq_jtrack_record_id
22573/cts1p34k	uniq_jtrack_record_id:1337/uniq_jtrack_record_id
22573/cts1p6qf	uniq_jtrack_record_id:1347/uniq_jtrack_record_id
22573/cts1p97d	uniq_jtrack_record_id:1352/uniq_jtrack_record_id
22573/cts1pfm0	uniq_jtrack_record_id:1371/uniq_jtrack_record_id
22573/cts1pjwt	uniq_jtrack_record_id:1386/uniq_jtrack_record_id
22573/cts1pk7q	uniq_jtrack_record_id:1387/uniq_jtrack_record_id
22573/cts1q2q5	uniq_jtrack_record_id:1466/uniq_jtrack_record_id
22573/cts1q3c3	uniq_jtrack_record_id:1467/uniq_jtrack_record_id
22573/cts1q411	uniq_jtrack_record_id:1468/uniq_jtrack_record_id
22573/cts1q5pz	uniq_jtrack_record_id:1471/uniq_jtrack_record_id
22573/cts1hmp2	uniq_jtrack_record_id:939/uniq_jtrack_record_id
22573/cts1hn1z	uniq_jtrack_record_id:940/uniq_jtrack_record_id
22573/cts1hnfb	uniq_jtrack_record_id:942/uniq_jtrack_record_id
22573/cts1hq44	uniq_jtrack_record_id:955/uniq_jtrack_record_id
22573/cts1hs79	uniq_jtrack_record_id:962/uniq_jtrack_record_id
22573/cts1hsm7	uniq_jtrack_record_id:963/uniq_jtrack_record_id
22573/cts1ht5t	uniq_jtrack_record_id:966/uniq_jtrack_record_id
22573/cts1hth9	uniq_jtrack_record_id:967/uniq_jtrack_record_id
22573/cts1hv1f	uniq_jtrack_record_id:968/uniq_jtrack_record_id
22573/cts1hwjk	uniq_jtrack_record_id:971/uniq_jtrack_record_id
22573/cts1hwzz	uniq_jtrack_record_id:972/uniq_jtrack_record_id
22573/cts1hxcr	uniq_jtrack_record_id:973/uniq_jtrack_record_id
22573/cts1hxrp	uniq_jtrack_record_id:974/uniq_jtrack_record_id
22573/cts1hz41	uniq_jtrack_record_id:975/uniq_jtrack_record_id
22573/cts1j092	uniq_jtrack_record_id:977/uniq_jtrack_record_id
22573/cts1j0ts	uniq_jtrack_record_id:978/uniq_jtrack_record_id
22573/cts1j164	uniq_jtrack_record_id:979/uniq_jtrack_record_id
22573/cts1j1pd	uniq_jtrack_record_id:980/uniq_jtrack_record_id
22573/cts1j219	uniq_jtrack_record_id:981/uniq_jtrack_record_id
22573/cts1j2zd	uniq_jtrack_record_id:983/uniq_jtrack_record_id
22573/cts1j399	uniq_jtrack_record_id:984/uniq_jtrack_record_id
22573/cts1j3sk	uniq_jtrack_record_id:987/uniq_jtrack_record_id
22573/cts1j49q	uniq_jtrack_record_id:988/uniq_jtrack_record_id
22573/cts1j5c1	uniq_jtrack_record_id:993/uniq_jtrack_record_id
22573/cts1j7wk	uniq_jtrack_record_id:997/uniq_jtrack_record_id
22573/cts1j89c	uniq_jtrack_record_id:998/uniq_jtrack_record_id
22573/cts1jddc	uniq_jtrack_record_id:1015/uniq_jtrack_record_id
22573/cts1jdx3	uniq_jtrack_record_id:1016/uniq_jtrack_record_id
22573/cts1jjz6	uniq_jtrack_record_id:1027/uniq_jtrack_record_id
22573/cts1jk8n	uniq_jtrack_record_id:1028/uniq_jtrack_record_id
22573/cts1jkm4	uniq_jtrack_record_id:1029/uniq_jtrack_record_id
22573/cts1jm0g	uniq_jtrack_record_id:1030/uniq_jtrack_record_id
22573/cts1jmk3	uniq_jtrack_record_id:1031/uniq_jtrack_record_id
22573/cts1jnzf	uniq_jtrack_record_id:1034/uniq_jtrack_record_id
22573/cts1jpgk	uniq_jtrack_record_id:1035/uniq_jtrack_record_id
22573/cts1jq89	uniq_jtrack_record_id:1038/uniq_jtrack_record_id
22573/cts1js67	uniq_jtrack_record_id:1046/uniq_jtrack_record_id
22573/cts1jtrt	uniq_jtrack_record_id:1056/uniq_jtrack_record_id
22573/cts1jvgn	uniq_jtrack_record_id:1060/uniq_jtrack_record_id
22573/cts1jx3j	uniq_jtrack_record_id:1069/uniq_jtrack_record_id
22573/cts1jzn4	uniq_jtrack_record_id:1073/uniq_jtrack_record_id
22573/cts1k1fn	uniq_jtrack_record_id:1076/uniq_jtrack_record_id
22573/cts1k3pm	uniq_jtrack_record_id:1083/uniq_jtrack_record_id
22573/cts1k4p1	uniq_jtrack_record_id:1085/uniq_jtrack_record_id
22573/cts1kdr7	uniq_jtrack_record_id:1113/uniq_jtrack_record_id
22573/cts1kgf1	uniq_jtrack_record_id:1118/uniq_jtrack_record_id
22573/cts1kh5v	uniq_jtrack_record_id:1122/uniq_jtrack_record_id
22573/cts1kj6q	uniq_jtrack_record_id:1124/uniq_jtrack_record_id
22573/cts1kk7k	uniq_jtrack_record_id:1128/uniq_jtrack_record_id
22573/cts1kkvn	uniq_jtrack_record_id:1129/uniq_jtrack_record_id
22573/cts1km8f	uniq_jtrack_record_id:1131/uniq_jtrack_record_id
22573/cts1kmnc	uniq_jtrack_record_id:1133/uniq_jtrack_record_id
22573/cts1kqc1	uniq_jtrack_record_id:1142/uniq_jtrack_record_id
22573/cts1kvn8	uniq_jtrack_record_id:1154/uniq_jtrack_record_id
22573/cts1kzx3	uniq_jtrack_record_id:1166/uniq_jtrack_record_id
22573/cts1m11n	uniq_jtrack_record_id:1168/uniq_jtrack_record_id
22573/cts1m24d	uniq_jtrack_record_id:1173/uniq_jtrack_record_id
22573/cts1m2w8	uniq_jtrack_record_id:1176/uniq_jtrack_record_id
22573/cts1m36q	uniq_jtrack_record_id:1177/uniq_jtrack_record_id
22573/cts1m5g4	uniq_jtrack_record_id:1185/uniq_jtrack_record_id
22573/cts1m6gj	uniq_jtrack_record_id:1188/uniq_jtrack_record_id
22573/cts1mb55	uniq_jtrack_record_id:1195/uniq_jtrack_record_id
22573/cts1mdcp	uniq_jtrack_record_id:1201/uniq_jtrack_record_id
22573/cts1v7p9	uniq_jtrack_record_id:1870/uniq_jtrack_record_id
22573/cts1vgc5	uniq_jtrack_record_id:1893/uniq_jtrack_record_id
22573/cts1vhd1	uniq_jtrack_record_id:1900/uniq_jtrack_record_id
22573/cts1vjv8	uniq_jtrack_record_id:1903/uniq_jtrack_record_id
22573/cts1vkw4	uniq_jtrack_record_id:1904/uniq_jtrack_record_id
22573/cts1vm6k	uniq_jtrack_record_id:1905/uniq_jtrack_record_id
22573/cts1vprk	uniq_jtrack_record_id:1917/uniq_jtrack_record_id
22573/cts1vqbm	uniq_jtrack_record_id:1920/uniq_jtrack_record_id
22573/cts1vqx7	uniq_jtrack_record_id:1922/uniq_jtrack_record_id
22573/cts1vr84	uniq_jtrack_record_id:1923/uniq_jtrack_record_id
22573/cts1vsfs	uniq_jtrack_record_id:1930/uniq_jtrack_record_id
22573/cts1vswm	uniq_jtrack_record_id:1932/uniq_jtrack_record_id
22573/cts1vw1n	uniq_jtrack_record_id:1940/uniq_jtrack_record_id
22573/cts1vwdk	uniq_jtrack_record_id:1941/uniq_jtrack_record_id
22573/cts1vxw8	uniq_jtrack_record_id:1945/uniq_jtrack_record_id
22573/cts1vzbh	uniq_jtrack_record_id:1947/uniq_jtrack_record_id
22573/cts1w0v1	uniq_jtrack_record_id:1950/uniq_jtrack_record_id
22573/cts1w1m9	uniq_jtrack_record_id:1952/uniq_jtrack_record_id
22573/cts1w1xb	uniq_jtrack_record_id:1953/uniq_jtrack_record_id
22573/cts1w2q2	uniq_jtrack_record_id:1955/uniq_jtrack_record_id
22573/cts1w3fw	uniq_jtrack_record_id:1956/uniq_jtrack_record_id
22573/cts1w3tt	uniq_jtrack_record_id:1958/uniq_jtrack_record_id
22573/cts1w465	uniq_jtrack_record_id:1960/uniq_jtrack_record_id
22573/cts1w4k3	uniq_jtrack_record_id:1962/uniq_jtrack_record_id
22573/cts1w5d8	uniq_jtrack_record_id:1966/uniq_jtrack_record_id
22573/cts1w63n	uniq_jtrack_record_id:1968/uniq_jtrack_record_id
22573/cts1w6c7	uniq_jtrack_record_id:1969/uniq_jtrack_record_id
22573/cts1w6t2	uniq_jtrack_record_id:1970/uniq_jtrack_record_id
22573/cts1w9fc	uniq_jtrack_record_id:1976/uniq_jtrack_record_id
22573/cts1w9vr	uniq_jtrack_record_id:1977/uniq_jtrack_record_id
22573/cts1wb90	uniq_jtrack_record_id:1978/uniq_jtrack_record_id
22573/cts1wbm1	uniq_jtrack_record_id:1979/uniq_jtrack_record_id
22573/cts1wc9d	uniq_jtrack_record_id:1984/uniq_jtrack_record_id
22573/cts1wd51	uniq_jtrack_record_id:1990/uniq_jtrack_record_id
22573/cts1wdmv	uniq_jtrack_record_id:1991/uniq_jtrack_record_id
22573/cts1wgvt	uniq_jtrack_record_id:2000/uniq_jtrack_record_id
22573/cts1wkfp	uniq_jtrack_record_id:2008/uniq_jtrack_record_id
22573/cts1wmmb	uniq_jtrack_record_id:2016/uniq_jtrack_record_id
22573/cts1wqn1	uniq_jtrack_record_id:2027/uniq_jtrack_record_id
22573/cts1wrs7	uniq_jtrack_record_id:2028/uniq_jtrack_record_id
22573/cts1wts2	uniq_jtrack_record_id:2037/uniq_jtrack_record_id
22573/cts1wxqd	uniq_jtrack_record_id:2053/uniq_jtrack_record_id
22573/cts1wz1v	uniq_jtrack_record_id:2054/uniq_jtrack_record_id
22573/cts1x3qv	uniq_jtrack_record_id:2076/uniq_jtrack_record_id
22573/cts1x40v	uniq_jtrack_record_id:2077/uniq_jtrack_record_id
22573/cts1x57d	uniq_jtrack_record_id:2080/uniq_jtrack_record_id
22573/cts1x76s	uniq_jtrack_record_id:2085/uniq_jtrack_record_id
22573/cts1x8n1	uniq_jtrack_record_id:2089/uniq_jtrack_record_id
22573/cts1x9kj	uniq_jtrack_record_id:2091/uniq_jtrack_record_id
22573/cts1xbdq	uniq_jtrack_record_id:2095/uniq_jtrack_record_id
22573/cts1xc4j	uniq_jtrack_record_id:2096/uniq_jtrack_record_id
22573/cts1xckc	uniq_jtrack_record_id:2097/uniq_jtrack_record_id
22573/cts1xd8r	uniq_jtrack_record_id:2099/uniq_jtrack_record_id
22573/cts1xdp4	uniq_jtrack_record_id:2100/uniq_jtrack_record_id
22573/cts1xf85	uniq_jtrack_record_id:2103/uniq_jtrack_record_id
22573/cts1xgbg	uniq_jtrack_record_id:2105/uniq_jtrack_record_id
22573/cts1xhqt	uniq_jtrack_record_id:2113/uniq_jtrack_record_id
22573/cts1xk07	uniq_jtrack_record_id:2118/uniq_jtrack_record_id
22573/cts1xm0n	uniq_jtrack_record_id:2124/uniq_jtrack_record_id
22573/cts1xnsc	uniq_jtrack_record_id:2129/uniq_jtrack_record_id
22573/cts1xvn2	uniq_jtrack_record_id:2150/uniq_jtrack_record_id
22573/cts1xz6g	uniq_jtrack_record_id:2159/uniq_jtrack_record_id
22573/cts1z068	uniq_jtrack_record_id:2164/uniq_jtrack_record_id
22573/cts1z0rf	uniq_jtrack_record_id:2166/uniq_jtrack_record_id
22573/cts1z5b4	uniq_jtrack_record_id:2190/uniq_jtrack_record_id
22573/cts1z6gb	uniq_jtrack_record_id:2197/uniq_jtrack_record_id
22573/cts1z70g	uniq_jtrack_record_id:2198/uniq_jtrack_record_id
22573/cts1z9xd	uniq_jtrack_record_id:2205/uniq_jtrack_record_id
22573/cts1zbhf	uniq_jtrack_record_id:2208/uniq_jtrack_record_id
22573/cts1zcfz	uniq_jtrack_record_id:2212/uniq_jtrack_record_id
22573/cts1zd2f	uniq_jtrack_record_id:2214/uniq_jtrack_record_id
22573/cts1zmnj	uniq_jtrack_record_id:2244/uniq_jtrack_record_id
22573/cts1zmzk	uniq_jtrack_record_id:2245/uniq_jtrack_record_id
22573/cts20h5r	uniq_jtrack_record_id:2358/uniq_jtrack_record_id
22573/cts20hrc	uniq_jtrack_record_id:2359/uniq_jtrack_record_id
22573/cts20j1c	uniq_jtrack_record_id:2360/uniq_jtrack_record_id
22573/cts20jqb	uniq_jtrack_record_id:2364/uniq_jtrack_record_id
22573/cts20kdq	uniq_jtrack_record_id:2366/uniq_jtrack_record_id
22573/cts20m7w	uniq_jtrack_record_id:2370/uniq_jtrack_record_id
22573/cts20qzj	uniq_jtrack_record_id:2384/uniq_jtrack_record_id
22573/cts20t7c	uniq_jtrack_record_id:2393/uniq_jtrack_record_id
22573/cts20tjd	uniq_jtrack_record_id:2394/uniq_jtrack_record_id
22573/cts20vfg	uniq_jtrack_record_id:2398/uniq_jtrack_record_id
22573/cts20vxr	uniq_jtrack_record_id:2399/uniq_jtrack_record_id
22573/cts20wkp	uniq_jtrack_record_id:2401/uniq_jtrack_record_id
22573/cts20x2c	uniq_jtrack_record_id:2404/uniq_jtrack_record_id
22573/cts20xmj	uniq_jtrack_record_id:2405/uniq_jtrack_record_id
22573/cts20xxk	uniq_jtrack_record_id:2406/uniq_jtrack_record_id
22573/cts210q3	uniq_jtrack_record_id:2415/uniq_jtrack_record_id
22573/cts213qb	uniq_jtrack_record_id:2428/uniq_jtrack_record_id
22573/cts216c3	uniq_jtrack_record_id:2441/uniq_jtrack_record_id
22573/cts217ch	uniq_jtrack_record_id:2445/uniq_jtrack_record_id
22573/cts218m2	uniq_jtrack_record_id:2454/uniq_jtrack_record_id
22573/cts21b0t	uniq_jtrack_record_id:2463/uniq_jtrack_record_id
22573/cts21b9v	uniq_jtrack_record_id:2464/uniq_jtrack_record_id
22573/cts21d13	uniq_jtrack_record_id:2472/uniq_jtrack_record_id
22573/cts21f3d	uniq_jtrack_record_id:2475/uniq_jtrack_record_id
22573/cts1znqv	uniq_jtrack_record_id:2249/uniq_jtrack_record_id
22573/cts1zqbr	uniq_jtrack_record_id:2254/uniq_jtrack_record_id
22573/cts1zrhd	uniq_jtrack_record_id:2259/uniq_jtrack_record_id
22573/cts1zsht	uniq_jtrack_record_id:2268/uniq_jtrack_record_id
22573/cts1ztvq	uniq_jtrack_record_id:2272/uniq_jtrack_record_id
22573/cts1zvd9	uniq_jtrack_record_id:2276/uniq_jtrack_record_id
22573/cts1zwt3	uniq_jtrack_record_id:2282/uniq_jtrack_record_id
22573/cts1zx50	uniq_jtrack_record_id:2284/uniq_jtrack_record_id
22573/cts1zxfk	uniq_jtrack_record_id:2285/uniq_jtrack_record_id
22573/cts201pp	uniq_jtrack_record_id:2293/uniq_jtrack_record_id
22573/cts202c2	uniq_jtrack_record_id:2294/uniq_jtrack_record_id
22573/cts2039k	uniq_jtrack_record_id:2298/uniq_jtrack_record_id
22573/cts203w6	uniq_jtrack_record_id:2303/uniq_jtrack_record_id
22573/cts20473	uniq_jtrack_record_id:2305/uniq_jtrack_record_id
22573/cts204ng	uniq_jtrack_record_id:2307/uniq_jtrack_record_id
22573/cts2055m	uniq_jtrack_record_id:2311/uniq_jtrack_record_id
22573/cts206b8	uniq_jtrack_record_id:2317/uniq_jtrack_record_id
22573/cts2093c	uniq_jtrack_record_id:2335/uniq_jtrack_record_id
22573/cts20c8f	uniq_jtrack_record_id:2343/uniq_jtrack_record_id
22573/cts20cpt	uniq_jtrack_record_id:2345/uniq_jtrack_record_id
22573/cts20d8v	uniq_jtrack_record_id:2347/uniq_jtrack_record_id
22573/cts20fb5	uniq_jtrack_record_id:2353/uniq_jtrack_record_id
22573/cts20fvw	uniq_jtrack_record_id:2355/uniq_jtrack_record_id
22573/cts20g8p	uniq_jtrack_record_id:2356/uniq_jtrack_record_id
22573/cts20gkq	uniq_jtrack_record_id:2357/uniq_jtrack_record_id
22573/cts1r132	uniq_jtrack_record_id:1550/uniq_jtrack_record_id
22573/cts1r1ms	uniq_jtrack_record_id:1551/uniq_jtrack_record_id
22573/cts1r204	uniq_jtrack_record_id:1552/uniq_jtrack_record_id
22573/cts1r2bm	uniq_jtrack_record_id:1553/uniq_jtrack_record_id
22573/cts1r3b1	uniq_jtrack_record_id:1557/uniq_jtrack_record_id
22573/cts1r57h	uniq_jtrack_record_id:1559/uniq_jtrack_record_id
22573/cts1r62p	uniq_jtrack_record_id:1561/uniq_jtrack_record_id
22573/cts1r7gg	uniq_jtrack_record_id:1566/uniq_jtrack_record_id
22573/cts1r7zr	uniq_jtrack_record_id:1567/uniq_jtrack_record_id
22573/cts1rnnp	uniq_jtrack_record_id:1613/uniq_jtrack_record_id
22573/cts1rp5t	uniq_jtrack_record_id:1616/uniq_jtrack_record_id
22573/cts1rpw7	uniq_jtrack_record_id:1617/uniq_jtrack_record_id
22573/cts1rqnh	uniq_jtrack_record_id:1619/uniq_jtrack_record_id
22573/cts1rr0d	uniq_jtrack_record_id:1620/uniq_jtrack_record_id
22573/cts1rshj	uniq_jtrack_record_id:1629/uniq_jtrack_record_id
22573/cts1rt5g	uniq_jtrack_record_id:1631/uniq_jtrack_record_id
22573/cts1rvn5	uniq_jtrack_record_id:1636/uniq_jtrack_record_id
22573/cts1rwsc	uniq_jtrack_record_id:1644/uniq_jtrack_record_id
22573/cts1rxf9	uniq_jtrack_record_id:1649/uniq_jtrack_record_id
22573/cts1s00p	uniq_jtrack_record_id:1653/uniq_jtrack_record_id
22573/cts1s533	uniq_jtrack_record_id:1672/uniq_jtrack_record_id
22573/cts1s8hq	uniq_jtrack_record_id:1683/uniq_jtrack_record_id
22573/cts1s99f	uniq_jtrack_record_id:1684/uniq_jtrack_record_id
22573/cts1sgcd	uniq_jtrack_record_id:1700/uniq_jtrack_record_id
22573/cts1sj26	uniq_jtrack_record_id:1704/uniq_jtrack_record_id
22573/cts1sjf4	uniq_jtrack_record_id:1705/uniq_jtrack_record_id
22573/cts1skz8	uniq_jtrack_record_id:1709/uniq_jtrack_record_id
22573/cts1smfz	uniq_jtrack_record_id:1711/uniq_jtrack_record_id
22573/cts1sq8z	uniq_jtrack_record_id:1718/uniq_jtrack_record_id
22573/cts1ss3j	uniq_jtrack_record_id:1729/uniq_jtrack_record_id
22573/cts1sthb	uniq_jtrack_record_id:1733/uniq_jtrack_record_id
22573/cts1sxbb	uniq_jtrack_record_id:1739/uniq_jtrack_record_id
22573/cts1t0bj	uniq_jtrack_record_id:1745/uniq_jtrack_record_id
22573/cts1t35j	uniq_jtrack_record_id:1756/uniq_jtrack_record_id
22573/cts1t49r	uniq_jtrack_record_id:1760/uniq_jtrack_record_id
22573/cts1t6h8	uniq_jtrack_record_id:1766/uniq_jtrack_record_id
22573/cts1t6z3	uniq_jtrack_record_id:1768/uniq_jtrack_record_id
22573/cts1t9kd	uniq_jtrack_record_id:1776/uniq_jtrack_record_id
22573/cts1tb1n	uniq_jtrack_record_id:1778/uniq_jtrack_record_id
22573/cts1tbp5	uniq_jtrack_record_id:1781/uniq_jtrack_record_id
22573/cts1tc12	uniq_jtrack_record_id:1782/uniq_jtrack_record_id
22573/cts1tcpk	uniq_jtrack_record_id:1785/uniq_jtrack_record_id
22573/cts1tdnj	uniq_jtrack_record_id:1787/uniq_jtrack_record_id
22573/cts1tf3s	uniq_jtrack_record_id:1788/uniq_jtrack_record_id
22573/cts1tj0p	uniq_jtrack_record_id:1796/uniq_jtrack_record_id
22573/cts1tjmr	uniq_jtrack_record_id:1797/uniq_jtrack_record_id
22573/cts1tk4w	uniq_jtrack_record_id:1798/uniq_jtrack_record_id
22573/cts1tm1z	uniq_jtrack_record_id:1799/uniq_jtrack_record_id
22573/cts1tn4q	uniq_jtrack_record_id:1802/uniq_jtrack_record_id
22573/cts1tntp	uniq_jtrack_record_id:1803/uniq_jtrack_record_id
22573/cts1tqs2	uniq_jtrack_record_id:1807/uniq_jtrack_record_id
22573/cts1tr3h	uniq_jtrack_record_id:1808/uniq_jtrack_record_id
22573/cts1trgf	uniq_jtrack_record_id:1809/uniq_jtrack_record_id
22573/cts1trr1	uniq_jtrack_record_id:1810/uniq_jtrack_record_id
22573/cts1ts4c	uniq_jtrack_record_id:1811/uniq_jtrack_record_id
22573/cts1ttg8	uniq_jtrack_record_id:1815/uniq_jtrack_record_id
22573/cts1tv5n	uniq_jtrack_record_id:1817/uniq_jtrack_record_id
22573/cts1tvgp	uniq_jtrack_record_id:1818/uniq_jtrack_record_id
22573/cts1tvxh	uniq_jtrack_record_id:1820/uniq_jtrack_record_id
22573/cts1twwg	uniq_jtrack_record_id:1824/uniq_jtrack_record_id
22573/cts1txr3	uniq_jtrack_record_id:1827/uniq_jtrack_record_id
22573/cts1tzb4	uniq_jtrack_record_id:1829/uniq_jtrack_record_id
22573/cts1v07k	uniq_jtrack_record_id:1835/uniq_jtrack_record_id
22573/cts1v0h5	uniq_jtrack_record_id:1836/uniq_jtrack_record_id
22573/cts1v0w3	uniq_jtrack_record_id:1838/uniq_jtrack_record_id
22573/cts1v2t1	uniq_jtrack_record_id:1848/uniq_jtrack_record_id
22573/cts1v4c1	uniq_jtrack_record_id:1853/uniq_jtrack_record_id
22573/cts1v5n1	uniq_jtrack_record_id:1858/uniq_jtrack_record_id
22573/cts1v5z2	uniq_jtrack_record_id:1859/uniq_jtrack_record_id
22573/cts1v6qb	uniq_jtrack_record_id:1866/uniq_jtrack_record_id
22573/cts1v6zg	uniq_jtrack_record_id:1867/uniq_jtrack_record_id
22573/cts1v7bt	uniq_jtrack_record_id:1869/uniq_jtrack_record_id
22573/cts21fwq	uniq_jtrack_record_id:2477/uniq_jtrack_record_id
22573/cts21g7m	uniq_jtrack_record_id:2479/uniq_jtrack_record_id
22573/cts21hj2	uniq_jtrack_record_id:2488/uniq_jtrack_record_id
22573/cts21htn	uniq_jtrack_record_id:2498/uniq_jtrack_record_id
22573/cts21j8w	uniq_jtrack_record_id:2499/uniq_jtrack_record_id
22573/cts21ktg	uniq_jtrack_record_id:2505/uniq_jtrack_record_id
22573/cts21nb1	uniq_jtrack_record_id:2511/uniq_jtrack_record_id
22573/cts21p6n	uniq_jtrack_record_id:2515/uniq_jtrack_record_id
22573/cts21qr7	uniq_jtrack_record_id:2521/uniq_jtrack_record_id
22573/cts21r8c	uniq_jtrack_record_id:2522/uniq_jtrack_record_id
22573/cts21sr2	uniq_jtrack_record_id:2526/uniq_jtrack_record_id
22573/cts220df	uniq_jtrack_record_id:2545/uniq_jtrack_record_id
22573/cts22309	uniq_jtrack_record_id:2558/uniq_jtrack_record_id
22573/cts225kr	uniq_jtrack_record_id:2570/uniq_jtrack_record_id
22573/cts227wm	uniq_jtrack_record_id:2586/uniq_jtrack_record_id
22573/cts22dts	uniq_jtrack_record_id:2598/uniq_jtrack_record_id
22573/cts22g8f	uniq_jtrack_record_id:2603/uniq_jtrack_record_id
22573/cts22j31	uniq_jtrack_record_id:2612/uniq_jtrack_record_id
22573/cts22nhn	uniq_jtrack_record_id:2629/uniq_jtrack_record_id
22573/cts22q4j	uniq_jtrack_record_id:2636/uniq_jtrack_record_id
22573/cts22qmt	uniq_jtrack_record_id:2638/uniq_jtrack_record_id
22573/cts22s2g	uniq_jtrack_record_id:2646/uniq_jtrack_record_id
22573/cts22smn	uniq_jtrack_record_id:2647/uniq_jtrack_record_id
22573/cts22twn	uniq_jtrack_record_id:2654/uniq_jtrack_record_id
22573/cts2307k	uniq_jtrack_record_id:2669/uniq_jtrack_record_id
22573/cts2343f	uniq_jtrack_record_id:2693/uniq_jtrack_record_id
22573/cts234p2	uniq_jtrack_record_id:2695/uniq_jtrack_record_id
22573/cts2353v	uniq_jtrack_record_id:2696/uniq_jtrack_record_id
22573/cts23rz3	uniq_jtrack_record_id:2744/uniq_jtrack_record_id
22573/cts23w7b	uniq_jtrack_record_id:2754/uniq_jtrack_record_id
22573/cts23wr2	uniq_jtrack_record_id:2760/uniq_jtrack_record_id
22573/cts23xsx	uniq_jtrack_record_id:2765/uniq_jtrack_record_id
22573/cts23z6q	uniq_jtrack_record_id:2768/uniq_jtrack_record_id
22573/cts240q7	uniq_jtrack_record_id:2775/uniq_jtrack_record_id
22573/cts24198	uniq_jtrack_record_id:2779/uniq_jtrack_record_id
22573/cts241p6	uniq_jtrack_record_id:2781/uniq_jtrack_record_id
22573/cts24230	uniq_jtrack_record_id:2782/uniq_jtrack_record_id
22573/cts242gx	uniq_jtrack_record_id:2784/uniq_jtrack_record_id
22573/cts2431h	uniq_jtrack_record_id:2785/uniq_jtrack_record_id
22573/cts243kp	uniq_jtrack_record_id:2789/uniq_jtrack_record_id
22573/cts244jn	uniq_jtrack_record_id:2794/uniq_jtrack_record_id
22573/cts2458g	uniq_jtrack_record_id:2798/uniq_jtrack_record_id
22573/cts247b6	uniq_jtrack_record_id:2815/uniq_jtrack_record_id
22573/cts248dh	uniq_jtrack_record_id:2822/uniq_jtrack_record_id
22573/cts248zp	uniq_jtrack_record_id:2823/uniq_jtrack_record_id
22573/cts24b39	uniq_jtrack_record_id:2829/uniq_jtrack_record_id
22573/cts24cbv	uniq_jtrack_record_id:2836/uniq_jtrack_record_id
22573/cts24ct4	uniq_jtrack_record_id:2838/uniq_jtrack_record_id
22573/cts24dv0	uniq_jtrack_record_id:2844/uniq_jtrack_record_id
22573/cts24hg9	uniq_jtrack_record_id:2863/uniq_jtrack_record_id
22573/cts24m99	uniq_jtrack_record_id:2879/uniq_jtrack_record_id
22573/cts24mkw	uniq_jtrack_record_id:2880/uniq_jtrack_record_id
22573/cts24n6c	uniq_jtrack_record_id:2882/uniq_jtrack_record_id
22573/cts24ns0	uniq_jtrack_record_id:2885/uniq_jtrack_record_id
22573/cts24q7n	uniq_jtrack_record_id:2896/uniq_jtrack_record_id
22573/cts24rtp	uniq_jtrack_record_id:2907/uniq_jtrack_record_id
22573/cts24wxp	uniq_jtrack_record_id:2935/uniq_jtrack_record_id
22573/cts24zpc	uniq_jtrack_record_id:2949/uniq_jtrack_record_id
22573/cts250f1	uniq_jtrack_record_id:2951/uniq_jtrack_record_id
22573/cts25vvr	uniq_jtrack_record_id:3151/uniq_jtrack_record_id
22573/cts1jt8j	uniq_jtrack_record_id:1055/uniq_jtrack_record_id
22573/cts14zzm	uniq_jtrack_record_id:107/uniq_jtrack_record_id
22573/cts13846	uniq_jtrack_record_id:1/uniq_jtrack_record_id
22573/cts14vv1	uniq_jtrack_record_id:100/uniq_jtrack_record_id
22573/cts1jhqn	uniq_jtrack_record_id:1022/uniq_jtrack_record_id
22573/cts14xjt	uniq_jtrack_record_id:104/uniq_jtrack_record_id
22573/cts1jqwc	uniq_jtrack_record_id:1040/uniq_jtrack_record_id
22573/cts1k39p	uniq_jtrack_record_id:1082/uniq_jtrack_record_id
22573/cts1k98q	uniq_jtrack_record_id:1099/uniq_jtrack_record_id
22573/cts13dj7	uniq_jtrack_record_id:11/uniq_jtrack_record_id
22573/cts1k135	uniq_jtrack_record_id:1075/uniq_jtrack_record_id
22573/cts150cs	uniq_jtrack_record_id:108/uniq_jtrack_record_id
22573/cts15214	uniq_jtrack_record_id:112/uniq_jtrack_record_id
22573/cts1kjnj	uniq_jtrack_record_id:1126/uniq_jtrack_record_id
22573/cts1kpxs	uniq_jtrack_record_id:1140/uniq_jtrack_record_id
22573/cts153ht	uniq_jtrack_record_id:116/uniq_jtrack_record_id
22573/cts1kz00	uniq_jtrack_record_id:1162/uniq_jtrack_record_id
22573/cts153v9	uniq_jtrack_record_id:117/uniq_jtrack_record_id
22573/cts1m3wp	uniq_jtrack_record_id:1179/uniq_jtrack_record_id
22573/cts1m7jv	uniq_jtrack_record_id:1190/uniq_jtrack_record_id
22573/cts1m92d	uniq_jtrack_record_id:1193/uniq_jtrack_record_id
22573/cts1mc1s	uniq_jtrack_record_id:1198/uniq_jtrack_record_id
22573/cts1m6t1	uniq_jtrack_record_id:1189/uniq_jtrack_record_id
22573/cts1mfc3	uniq_jtrack_record_id:1203/uniq_jtrack_record_id
22573/cts1mp02	uniq_jtrack_record_id:1218/uniq_jtrack_record_id
22573/cts156w0	uniq_jtrack_record_id:122/uniq_jtrack_record_id
22573/cts1578b	uniq_jtrack_record_id:123/uniq_jtrack_record_id
22573/cts1mtd3	uniq_jtrack_record_id:1235/uniq_jtrack_record_id
22573/cts157xv	uniq_jtrack_record_id:124/uniq_jtrack_record_id
22573/cts1n1gv	uniq_jtrack_record_id:1252/uniq_jtrack_record_id
22573/cts1n37j	uniq_jtrack_record_id:1260/uniq_jtrack_record_id
22573/cts1nfcg	uniq_jtrack_record_id:1283/uniq_jtrack_record_id
22573/cts1nhgn	uniq_jtrack_record_id:1287/uniq_jtrack_record_id
22573/cts1nfn2	uniq_jtrack_record_id:1284/uniq_jtrack_record_id
22573/cts15bpz	uniq_jtrack_record_id:129/uniq_jtrack_record_id
22573/cts15b74	uniq_jtrack_record_id:128/uniq_jtrack_record_id
22573/cts1nchf	uniq_jtrack_record_id:1281/uniq_jtrack_record_id
22573/cts1nk6w	uniq_jtrack_record_id:1290/uniq_jtrack_record_id
22573/cts1nwrs	uniq_jtrack_record_id:1325/uniq_jtrack_record_id
22573/cts1nn75	uniq_jtrack_record_id:1297/uniq_jtrack_record_id
22573/cts15fhz	uniq_jtrack_record_id:133/uniq_jtrack_record_id
22573/cts1p1kk	uniq_jtrack_record_id:1335/uniq_jtrack_record_id
22573/cts15hnk	uniq_jtrack_record_id:139/uniq_jtrack_record_id
22573/cts1p41n	uniq_jtrack_record_id:1339/uniq_jtrack_record_id
22573/cts1q6gp	uniq_jtrack_record_id:1473/uniq_jtrack_record_id
22573/cts1q6w2	uniq_jtrack_record_id:1475/uniq_jtrack_record_id
22573/cts1qcdv	uniq_jtrack_record_id:1492/uniq_jtrack_record_id
22573/cts13g37	uniq_jtrack_record_id:15/uniq_jtrack_record_id
22573/cts1qhj9	uniq_jtrack_record_id:1508/uniq_jtrack_record_id
22573/cts15mbs	uniq_jtrack_record_id:146/uniq_jtrack_record_id
22573/cts1qt4n	uniq_jtrack_record_id:1533/uniq_jtrack_record_id
22573/cts1qw7t	uniq_jtrack_record_id:1538/uniq_jtrack_record_id
22573/cts1qxj8	uniq_jtrack_record_id:1541/uniq_jtrack_record_id
22573/cts1r473	uniq_jtrack_record_id:1558/uniq_jtrack_record_id
22573/cts15rqc	uniq_jtrack_record_id:158/uniq_jtrack_record_id
22573/cts15vp5	uniq_jtrack_record_id:162/uniq_jtrack_record_id
22573/cts1s2mk	uniq_jtrack_record_id:1663/uniq_jtrack_record_id
22573/cts15xg9	uniq_jtrack_record_id:166/uniq_jtrack_record_id
22573/cts1s3fr	uniq_jtrack_record_id:1665/uniq_jtrack_record_id
22573/cts15zjm	uniq_jtrack_record_id:170/uniq_jtrack_record_id
22573/cts1sgxk	uniq_jtrack_record_id:1701/uniq_jtrack_record_id
22573/cts1s461	uniq_jtrack_record_id:1667/uniq_jtrack_record_id
22573/cts13hnt	uniq_jtrack_record_id:17/uniq_jtrack_record_id
22573/cts1ttv6	uniq_jtrack_record_id:1816/uniq_jtrack_record_id
22573/cts1sz1q	uniq_jtrack_record_id:1742/uniq_jtrack_record_id
22573/cts13j9r	uniq_jtrack_record_id:18/uniq_jtrack_record_id
22573/cts1v4rz	uniq_jtrack_record_id:1854/uniq_jtrack_record_id
22573/cts1v8n8	uniq_jtrack_record_id:1875/uniq_jtrack_record_id
22573/cts1w198	uniq_jtrack_record_id:1951/uniq_jtrack_record_id
22573/cts1w5q9	uniq_jtrack_record_id:1967/uniq_jtrack_record_id
22573/cts16tks	uniq_jtrack_record_id:227/uniq_jtrack_record_id
22573/cts175d2	uniq_jtrack_record_id:245/uniq_jtrack_record_id
22573/cts17sgd	uniq_jtrack_record_id:281/uniq_jtrack_record_id
22573/cts1wpgc	uniq_jtrack_record_id:2023/uniq_jtrack_record_id
22573/cts16h2b	uniq_jtrack_record_id:205/uniq_jtrack_record_id
22573/cts1ztcf	uniq_jtrack_record_id:2271/uniq_jtrack_record_id
22573/cts13qxw	uniq_jtrack_record_id:29/uniq_jtrack_record_id
22573/cts21h37	uniq_jtrack_record_id:2485/uniq_jtrack_record_id
22573/cts1x7rz	uniq_jtrack_record_id:2087/uniq_jtrack_record_id
22573/cts13p3q	uniq_jtrack_record_id:25/uniq_jtrack_record_id
22573/cts16bnw	uniq_jtrack_record_id:198/uniq_jtrack_record_id
22573/cts1wct4	uniq_jtrack_record_id:1989/uniq_jtrack_record_id
22573/cts13m0j	uniq_jtrack_record_id:21/uniq_jtrack_record_id
22573/cts16wrv	uniq_jtrack_record_id:230/uniq_jtrack_record_id
22573/cts179w0	uniq_jtrack_record_id:255/uniq_jtrack_record_id
22573/cts1xfxp	uniq_jtrack_record_id:2104/uniq_jtrack_record_id
22573/cts16x7j	uniq_jtrack_record_id:231/uniq_jtrack_record_id
22573/cts16c17	uniq_jtrack_record_id:199/uniq_jtrack_record_id
22573/cts1xgx3	uniq_jtrack_record_id:2107/uniq_jtrack_record_id
22573/cts1xmck	uniq_jtrack_record_id:2125/uniq_jtrack_record_id
22573/cts205qs	uniq_jtrack_record_id:2314/uniq_jtrack_record_id
22573/cts22xc5	uniq_jtrack_record_id:2663/uniq_jtrack_record_id
22573/cts16kh0	uniq_jtrack_record_id:211/uniq_jtrack_record_id
22573/cts16xzz	uniq_jtrack_record_id:232/uniq_jtrack_record_id
22573/cts170vt	uniq_jtrack_record_id:237/uniq_jtrack_record_id
22573/cts211c1	uniq_jtrack_record_id:2419/uniq_jtrack_record_id
22573/cts17hps	uniq_jtrack_record_id:269/uniq_jtrack_record_id
22573/cts13pzx	uniq_jtrack_record_id:27/uniq_jtrack_record_id
22573/cts16m88	uniq_jtrack_record_id:213/uniq_jtrack_record_id
22573/cts13k1k	uniq_jtrack_record_id:20/uniq_jtrack_record_id
22573/cts16mmr	uniq_jtrack_record_id:214/uniq_jtrack_record_id
22573/cts16d1n	uniq_jtrack_record_id:200/uniq_jtrack_record_id
22573/cts16f12	uniq_jtrack_record_id:201/uniq_jtrack_record_id
22573/cts16q0x	uniq_jtrack_record_id:219/uniq_jtrack_record_id
22573/cts16vsw	uniq_jtrack_record_id:229/uniq_jtrack_record_id
22573/cts17425	uniq_jtrack_record_id:243/uniq_jtrack_record_id
22573/cts17kk8	uniq_jtrack_record_id:271/uniq_jtrack_record_id
22573/cts214qr	uniq_jtrack_record_id:2433/uniq_jtrack_record_id
22573/cts176ht	uniq_jtrack_record_id:246/uniq_jtrack_record_id
22573/cts19mv1	uniq_jtrack_record_id:401/uniq_jtrack_record_id
22573/cts1bdxt	uniq_jtrack_record_id:455/uniq_jtrack_record_id
22573/cts1bf8q	uniq_jtrack_record_id:456/uniq_jtrack_record_id
22573/cts19qqg	uniq_jtrack_record_id:411/uniq_jtrack_record_id
22573/cts1bfp3	uniq_jtrack_record_id:458/uniq_jtrack_record_id
22573/cts145b1	uniq_jtrack_record_id:56/uniq_jtrack_record_id
22573/cts1cpmg	uniq_jtrack_record_id:561/uniq_jtrack_record_id
22573/cts18vvj	uniq_jtrack_record_id:355/uniq_jtrack_record_id
22573/cts197vg	uniq_jtrack_record_id:377/uniq_jtrack_record_id
22573/cts13w6j	uniq_jtrack_record_id:39/uniq_jtrack_record_id
22573/cts1bgdx	uniq_jtrack_record_id:459/uniq_jtrack_record_id
22573/cts1bt31	uniq_jtrack_record_id:483/uniq_jtrack_record_id
22573/cts17xn9	uniq_jtrack_record_id:290/uniq_jtrack_record_id
22573/cts19xqz	uniq_jtrack_record_id:426/uniq_jtrack_record_id
22573/cts182kf	uniq_jtrack_record_id:299/uniq_jtrack_record_id
22573/cts19cx1	uniq_jtrack_record_id:388/uniq_jtrack_record_id
22573/cts13z0p	uniq_jtrack_record_id:43/uniq_jtrack_record_id
22573/cts184d1	uniq_jtrack_record_id:302/uniq_jtrack_record_id
22573/cts1bzsn	uniq_jtrack_record_id:502/uniq_jtrack_record_id
22573/cts13rwv	uniq_jtrack_record_id:31/uniq_jtrack_record_id
22573/cts19ddq	uniq_jtrack_record_id:390/uniq_jtrack_record_id
22573/cts19g3h	uniq_jtrack_record_id:392/uniq_jtrack_record_id
22573/cts1b0vz	uniq_jtrack_record_id:430/uniq_jtrack_record_id
22573/cts1c3vk	uniq_jtrack_record_id:513/uniq_jtrack_record_id
22573/cts1cjb7	uniq_jtrack_record_id:546/uniq_jtrack_record_id
22573/cts18559	uniq_jtrack_record_id:305/uniq_jtrack_record_id
22573/cts19f9s	uniq_jtrack_record_id:391/uniq_jtrack_record_id
22573/cts1b4vm	uniq_jtrack_record_id:436/uniq_jtrack_record_id
22573/cts1bc43	uniq_jtrack_record_id:452/uniq_jtrack_record_id
22573/cts1cf0h	uniq_jtrack_record_id:535/uniq_jtrack_record_id
22573/cts19jbg	uniq_jtrack_record_id:394/uniq_jtrack_record_id
22573/cts1897v	uniq_jtrack_record_id:318/uniq_jtrack_record_id
22573/cts13t6q	uniq_jtrack_record_id:34/uniq_jtrack_record_id
22573/cts19k0d	uniq_jtrack_record_id:396/uniq_jtrack_record_id
22573/cts1bd5z	uniq_jtrack_record_id:453/uniq_jtrack_record_id
22573/cts1bdjw	uniq_jtrack_record_id:454/uniq_jtrack_record_id
22573/cts1cmmn	uniq_jtrack_record_id:555/uniq_jtrack_record_id
22573/cts1cn74	uniq_jtrack_record_id:557/uniq_jtrack_record_id
22573/cts19kcb	uniq_jtrack_record_id:397/uniq_jtrack_record_id
22573/cts18t2t	uniq_jtrack_record_id:349/uniq_jtrack_record_id
22573/cts1dkz3	uniq_jtrack_record_id:633/uniq_jtrack_record_id
22573/cts1dq1n	uniq_jtrack_record_id:645/uniq_jtrack_record_id
22573/cts1h70j	uniq_jtrack_record_id:892/uniq_jtrack_record_id
22573/cts1hgjm	uniq_jtrack_record_id:923/uniq_jtrack_record_id
22573/cts1dpkd	uniq_jtrack_record_id:643/uniq_jtrack_record_id
22573/cts13ctd	uniq_jtrack_record_id:9/uniq_jtrack_record_id
22573/cts14gqp	uniq_jtrack_record_id:77/uniq_jtrack_record_id
22573/cts1fz1x	uniq_jtrack_record_id:775/uniq_jtrack_record_id
22573/cts1h9gn	uniq_jtrack_record_id:901/uniq_jtrack_record_id
22573/cts1fx3d	uniq_jtrack_record_id:773/uniq_jtrack_record_id
22573/cts1cs6b	uniq_jtrack_record_id:567/uniq_jtrack_record_id
22573/cts1461d	uniq_jtrack_record_id:58/uniq_jtrack_record_id
22573/cts149r2	uniq_jtrack_record_id:65/uniq_jtrack_record_id
22573/cts1fzh6	uniq_jtrack_record_id:777/uniq_jtrack_record_id
22573/cts14q4z	uniq_jtrack_record_id:92/uniq_jtrack_record_id
22573/cts14hvw	uniq_jtrack_record_id:80/uniq_jtrack_record_id
22573/cts1dx4g	uniq_jtrack_record_id:660/uniq_jtrack_record_id
22573/cts1gcfn	uniq_jtrack_record_id:818/uniq_jtrack_record_id
22573/cts14qvc	uniq_jtrack_record_id:93/uniq_jtrack_record_id
22573/cts1d1rs	uniq_jtrack_record_id:587/uniq_jtrack_record_id
22573/cts1d746	uniq_jtrack_record_id:599/uniq_jtrack_record_id
22573/cts1d691	uniq_jtrack_record_id:596/uniq_jtrack_record_id
22573/cts1dzsd	uniq_jtrack_record_id:664/uniq_jtrack_record_id
22573/cts14rdz	uniq_jtrack_record_id:94/uniq_jtrack_record_id
22573/cts1hp6m	uniq_jtrack_record_id:946/uniq_jtrack_record_id
22573/cts1d7k1	uniq_jtrack_record_id:601/uniq_jtrack_record_id
22573/cts1f0wj	uniq_jtrack_record_id:669/uniq_jtrack_record_id
22573/cts1f3x7	uniq_jtrack_record_id:680/uniq_jtrack_record_id
22573/cts1gnzp	uniq_jtrack_record_id:841/uniq_jtrack_record_id
22573/cts14md9	uniq_jtrack_record_id:85/uniq_jtrack_record_id
22573/cts1hqh2	uniq_jtrack_record_id:956/uniq_jtrack_record_id
22573/cts1d87z	uniq_jtrack_record_id:604/uniq_jtrack_record_id
22573/cts147pb	uniq_jtrack_record_id:61/uniq_jtrack_record_id
22573/cts14sdc	uniq_jtrack_record_id:96/uniq_jtrack_record_id
22573/cts1gwbh	uniq_jtrack_record_id:864/uniq_jtrack_record_id
22573/cts14v7z	uniq_jtrack_record_id:98/uniq_jtrack_record_id
22573/cts1ff25	uniq_jtrack_record_id:718/uniq_jtrack_record_id
22573/cts1h4bs	uniq_jtrack_record_id:883/uniq_jtrack_record_id
22573/cts1h63g	uniq_jtrack_record_id:888/uniq_jtrack_record_id
22573/cts1j6st	uniq_jtrack_record_id:995/uniq_jtrack_record_id
22573/cts1fp6v	uniq_jtrack_record_id:744/uniq_jtrack_record_id
22573/cts1fqrf	uniq_jtrack_record_id:748/uniq_jtrack_record_id
